{
    "stdout": "{true}\n&{{Yo}}\n&{{empty}}\n&{{100}}\n{false}\n{true}\n&{{{Yo} {200}}}\n{true}\n{true}\n",
    "stderr": "2025/09/05 23:22:47 {empty optional}\n"
}