{
    "stdout": " type resolve  sort fields\n type resolve  insert type definitions\nsource file struct defs: 0\n type resolve  resolve aliases in function signatures and prepare function types\n type resolve  typeresolve functions\n type resolve  final resolve of all functions\npush src/semantics/type_resolve.rs:1242:14 false\npush src/semantics/type_resolve.rs:1361:22 false\npop src/semantics/type_resolve.rs:1365:22 false\npop src/semantics/type_resolve.rs:1251:14 false\npush src/semantics/type_resolve.rs:1242:14 false\npush src/semantics/type_resolve.rs:1361:22 false\npop src/semantics/type_resolve.rs:1365:22 false\npop src/semantics/type_resolve.rs:1251:14 false\npush src/semantics/type_resolve.rs:1242:14 false\npush src/semantics/type_resolve.rs:1361:22 false\npop src/semantics/type_resolve.rs:1365:22 false\npop src/semantics/type_resolve.rs:1251:14 false\npush src/semantics/type_resolve.rs:1242:14 false\npush src/semantics/type_resolve.rs:1361:22 false\npush src/semantics/type_resolve.rs:1407:26 false\npop src/semantics/type_resolve.rs:1413:26 false\npush src/semantics/type_resolve.rs:1407:26 false\npop src/semantics/type_resolve.rs:1413:26 false\npush src/semantics/type_resolve.rs:1407:26 false\npop src/semantics/type_resolve.rs:1413:26 false\npush src/semantics/type_resolve.rs:1407:26 false\npop src/semantics/type_resolve.rs:1413:26 false\npush src/semantics/type_resolve.rs:1407:26 false\npop src/semantics/type_resolve.rs:1413:26 false\npop src/semantics/type_resolve.rs:1365:22 false\npop src/semantics/type_resolve.rs:1251:14 false\npush src/semantics/type_resolve.rs:1242:14 false\npush src/semantics/type_resolve.rs:1361:22 false\npop src/semantics/type_resolve.rs:1365:22 false\npop src/semantics/type_resolve.rs:1251:14 false\npush src/semantics/type_resolve.rs:1242:14 false\npush src/semantics/type_resolve.rs:1361:22 false\npop src/semantics/type_resolve.rs:1365:22 false\npop src/semantics/type_resolve.rs:1251:14 false\n",
    "stderr": "[src/semantics/type_resolve.rs:1328:13] &identifier = \"d\"\n[src/semantics/type_resolve.rs:1328:13] &type_expr = Or(\n    [\n        (\n            Duck(\n                Duck {\n                    fields: [\n                        Field {\n                            name: \"millis\",\n                            type_expr: (\n                                Int,\n                                24..27,\n                            ),\n                        },\n                    ],\n                },\n            ),\n            170..176,\n        ),\n        (\n            Duck(\n                Duck {\n                    fields: [\n                        Field {\n                            name: \"seconds\",\n                            type_expr: (\n                                Int,\n                                57..60,\n                            ),\n                        },\n                    ],\n                },\n            ),\n            179..186,\n        ),\n        (\n            Duck(\n                Duck {\n                    fields: [\n                        Field {\n                            name: \"minutes\",\n                            type_expr: (\n                                Int,\n                                90..93,\n                            ),\n                        },\n                    ],\n                },\n            ),\n            189..196,\n        ),\n        (\n            Duck(\n                Duck {\n                    fields: [\n                        Field {\n                            name: \"hours\",\n                            type_expr: (\n                                Int,\n                                119..122,\n                            ),\n                        },\n                    ],\n                },\n            ),\n            199..204,\n        ),\n        (\n            Duck(\n                Duck {\n                    fields: [\n                        Field {\n                            name: \"days\",\n                            type_expr: (\n                                Int,\n                                146..149,\n                            ),\n                        },\n                    ],\n                },\n            ),\n            207..211,\n        ),\n    ],\n)\n[src/semantics/type_resolve.rs:1328:13] &identifier = \"res\"\n[src/semantics/type_resolve.rs:1328:13] &type_expr = String\n[src/semantics/type_resolve.rs:1328:13] &identifier = \"res\"\n[src/semantics/type_resolve.rs:1328:13] &type_expr = String\n[src/dargo/compile.rs:100:5] &src_file_ast = SourceFile {\n    function_definitions: [\n        FunctionDefintion {\n            name: \"main\",\n            return_type: None,\n            params: Some(\n                [],\n            ),\n            value_expr: (\n                Block(\n                    [\n                        (\n                            VarDecl(\n                                (\n                                    Declaration {\n                                        name: \"x\",\n                                        type_expr: (\n                                            Array(\n                                                (\n                                                    String,\n                                                    23..29,\n                                                ),\n                                            ),\n                                            23..31,\n                                        ),\n                                        initializer: Some(\n                                            (\n                                                Int(\n                                                    1,\n                                                ),\n                                                34..35,\n                                            ),\n                                        ),\n                                    },\n                                    34..35,\n                                ),\n                            ),\n                            16..35,\n                        ),\n                        (\n                            Tuple(\n                                [],\n                            ),\n                            0..1,\n                        ),\n                    ],\n                ),\n                10..38,\n            ),\n            generics: None,\n        },\n        FunctionDefintion {\n            name: \"std_____io_____println\",\n            return_type: None,\n            params: Some(\n                [\n                    (\n                        \"str\",\n                        (\n                            String,\n                            31..37,\n                        ),\n                    ),\n                ],\n            ),\n            value_expr: (\n                Block(\n                    [\n                        (\n                            InlineGo(\n                                \"\\n        fmt.Println(str.as_dgo_string());\\n    \",\n                            ),\n                            45..97,\n                        ),\n                    ],\n                ),\n                39..99,\n            ),\n            generics: None,\n        },\n        FunctionDefintion {\n            name: \"std_____task_____spawn\",\n            return_type: None,\n            params: Some(\n                [\n                    (\n                        \"x\",\n                        (\n                            Fun(\n                                [],\n                                Some(\n                                    (\n                                        Tuple(\n                                            [],\n                                        ),\n                                        20..22,\n                                    ),\n                                ),\n                            ),\n                            12..22,\n                        ),\n                    ),\n                ],\n            ),\n            value_expr: (\n                Block(\n                    [\n                        (\n                            InlineGo(\n                                \"\\n        go x()\\n    \",\n                            ),\n                            30..55,\n                        ),\n                    ],\n                ),\n                24..57,\n            ),\n            generics: None,\n        },\n        FunctionDefintion {\n            name: \"std_____task_____sleep\",\n            return_type: None,\n            params: Some(\n                [\n                    (\n                        \"d\",\n                        (\n                            Or(\n                                [\n                                    (\n                                        Duck(\n                                            Duck {\n                                                fields: [\n                                                    Field {\n                                                        name: \"millis\",\n                                                        type_expr: (\n                                                            Int,\n                                                            24..27,\n                                                        ),\n                                                    },\n                                                ],\n                                            },\n                                        ),\n                                        170..176,\n                                    ),\n                                    (\n                                        Duck(\n                                            Duck {\n                                                fields: [\n                                                    Field {\n                                                        name: \"seconds\",\n                                                        type_expr: (\n                                                            Int,\n                                                            57..60,\n                                                        ),\n                                                    },\n                                                ],\n                                            },\n                                        ),\n                                        179..186,\n                                    ),\n                                    (\n                                        Duck(\n                                            Duck {\n                                                fields: [\n                                                    Field {\n                                                        name: \"minutes\",\n                                                        type_expr: (\n                                                            Int,\n                                                            90..93,\n                                                        ),\n                                                    },\n                                                ],\n                                            },\n                                        ),\n                                        189..196,\n                                    ),\n                                    (\n                                        Duck(\n                                            Duck {\n                                                fields: [\n                                                    Field {\n                                                        name: \"hours\",\n                                                        type_expr: (\n                                                            Int,\n                                                            119..122,\n                                                        ),\n                                                    },\n                                                ],\n                                            },\n                                        ),\n                                        199..204,\n                                    ),\n                                    (\n                                        Duck(\n                                            Duck {\n                                                fields: [\n                                                    Field {\n                                                        name: \"days\",\n                                                        type_expr: (\n                                                            Int,\n                                                            146..149,\n                                                        ),\n                                                    },\n                                                ],\n                                            },\n                                        ),\n                                        207..211,\n                                    ),\n                                ],\n                            ),\n                            92..100,\n                        ),\n                    ),\n                ],\n            ),\n            value_expr: (\n                Block(\n                    [\n                        (\n                            Match {\n                                value_expr: (\n                                    Variable(\n                                        true,\n                                        \"d\",\n                                        Some(\n                                            Or(\n                                                [\n                                                    (\n                                                        Duck(\n                                                            Duck {\n                                                                fields: [\n                                                                    Field {\n                                                                        name: \"millis\",\n                                                                        type_expr: (\n                                                                            Int,\n                                                                            24..27,\n                                                                        ),\n                                                                    },\n                                                                ],\n                                                            },\n                                                        ),\n                                                        170..176,\n                                                    ),\n                                                    (\n                                                        Duck(\n                                                            Duck {\n                                                                fields: [\n                                                                    Field {\n                                                                        name: \"seconds\",\n                                                                        type_expr: (\n                                                                            Int,\n                                                                            57..60,\n                                                                        ),\n                                                                    },\n                                                                ],\n                                                            },\n                                                        ),\n                                                        179..186,\n                                                    ),\n                                                    (\n                                                        Duck(\n                                                            Duck {\n                                                                fields: [\n                                                                    Field {\n                                                                        name: \"minutes\",\n                                                                        type_expr: (\n                                                                            Int,\n                                                                            90..93,\n                                                                        ),\n                                                                    },\n                                                                ],\n                                                            },\n                                                        ),\n                                                        189..196,\n                                                    ),\n                                                    (\n                                                        Duck(\n                                                            Duck {\n                                                                fields: [\n                                                                    Field {\n                                                                        name: \"hours\",\n                                                                        type_expr: (\n                                                                            Int,\n                                                                            119..122,\n                                                                        ),\n                                                                    },\n                                                                ],\n                                                            },\n                                                        ),\n                                                        199..204,\n                                                    ),\n                                                    (\n                                                        Duck(\n                                                            Duck {\n                                                                fields: [\n                                                                    Field {\n                                                                        name: \"days\",\n                                                                        type_expr: (\n                                                                            Int,\n                                                                            146..149,\n                                                                        ),\n                                                                    },\n                                                                ],\n                                                            },\n                                                        ),\n                                                        207..211,\n                                                    ),\n                                                ],\n                                            ),\n                                        ),\n                                    ),\n                                    115..116,\n                                ),\n                                arms: [\n                                    MatchArm {\n                                        type_case: (\n                                            TypeName(\n                                                false,\n                                                \"std_____time_____Millis\",\n                                                None,\n                                            ),\n                                            128..134,\n                                        ),\n                                        bound_to_identifier: \"millis\",\n                                        value_expr: (\n                                            InlineGo(\n                                                \" time.Sleep(time.Duration(millis.Getmillis().as_dgo_int()) * time.Millisecond) \",\n                                            ),\n                                            145..229,\n                                        ),\n                                    },\n                                    MatchArm {\n                                        type_case: (\n                                            TypeName(\n                                                false,\n                                                \"std_____time_____Seconds\",\n                                                None,\n                                            ),\n                                            239..246,\n                                        ),\n                                        bound_to_identifier: \"seconds\",\n                                        value_expr: (\n                                            InlineGo(\n                                                \" time.Sleep(time.Duration(seconds.Getseconds().as_dgo_int()) * time.Second) \",\n                                            ),\n                                            258..339,\n                                        ),\n                                    },\n                                    MatchArm {\n                                        type_case: (\n                                            TypeName(\n                                                false,\n                                                \"std_____time_____Minutes\",\n                                                None,\n                                            ),\n                                            349..356,\n                                        ),\n                                        bound_to_identifier: \"minutes\",\n                                        value_expr: (\n                                            InlineGo(\n                                                \" time.Sleep(time.Duration(minutes.Getminutes().as_dgo_int()) * time.Minute) \",\n                                            ),\n                                            368..449,\n                                        ),\n                                    },\n                                    MatchArm {\n                                        type_case: (\n                                            TypeName(\n                                                false,\n                                                \"std_____time_____Hours\",\n                                                None,\n                                            ),\n                                            459..464,\n                                        ),\n                                        bound_to_identifier: \"hours\",\n                                        value_expr: (\n                                            InlineGo(\n                                                \" time.Sleep(time.Duration(hours.Gethours().as_dgo_int()) * time.Hour) \",\n                                            ),\n                                            474..549,\n                                        ),\n                                    },\n                                    MatchArm {\n                                        type_case: (\n                                            TypeName(\n                                                false,\n                                                \"std_____time_____Days\",\n                                                None,\n                                            ),\n                                            559..563,\n                                        ),\n                                        bound_to_identifier: \"days\",\n                                        value_expr: (\n                                            InlineGo(\n                                                \" time.Sleep(time.Duration(days.Getdays().as_dgo_int()) * 24 * time.Hour) \",\n                                            ),\n                                            572..650,\n                                        ),\n                                    },\n                                ],\n                            },\n                            108..657,\n                        ),\n                    ],\n                ),\n                102..659,\n            ),\n            generics: None,\n        },\n        FunctionDefintion {\n            name: \"std_____string_____to_upper\",\n            return_type: Some(\n                (\n                    String,\n                    45..51,\n                ),\n            ),\n            params: Some(\n                [\n                    (\n                        \"s\",\n                        (\n                            String,\n                            34..40,\n                        ),\n                    ),\n                ],\n            ),\n            value_expr: (\n                Block(\n                    [\n                        (\n                            VarDecl(\n                                (\n                                    Declaration {\n                                        name: \"res\",\n                                        type_expr: (\n                                            String,\n                                            67..73,\n                                        ),\n                                        initializer: None,\n                                    },\n                                    62..65,\n                                ),\n                            ),\n                            58..73,\n                        ),\n                        (\n                            InlineGo(\n                                \"\\n        res = ConcDuckString { value: strings.ToUpper(s.as_dgo_string()) }\\n    \",\n                            ),\n                            79..164,\n                        ),\n                        (\n                            Return(\n                                Some(\n                                    (\n                                        Variable(\n                                            true,\n                                            \"res\",\n                                            Some(\n                                                String,\n                                            ),\n                                        ),\n                                        176..179,\n                                    ),\n                                ),\n                            ),\n                            169..179,\n                        ),\n                        (\n                            Tuple(\n                                [],\n                            ),\n                            0..1,\n                        ),\n                    ],\n                ),\n                52..182,\n            ),\n            generics: None,\n        },\n        FunctionDefintion {\n            name: \"std_____string_____to_lower\",\n            return_type: Some(\n                (\n                    String,\n                    210..216,\n                ),\n            ),\n            params: Some(\n                [\n                    (\n                        \"s\",\n                        (\n                            String,\n                            199..205,\n                        ),\n                    ),\n                ],\n            ),\n            value_expr: (\n                Block(\n                    [\n                        (\n                            VarDecl(\n                                (\n                                    Declaration {\n                                        name: \"res\",\n                                        type_expr: (\n                                            String,\n                                            232..238,\n                                        ),\n                                        initializer: None,\n                                    },\n                                    227..230,\n                                ),\n                            ),\n                            223..238,\n                        ),\n                        (\n                            InlineGo(\n                                \"\\n        res = ConcDuckString { value: strings.ToLower(s.as_dgo_string()) }\\n    \",\n                            ),\n                            244..329,\n                        ),\n                        (\n                            Return(\n                                Some(\n                                    (\n                                        Variable(\n                                            true,\n                                            \"res\",\n                                            Some(\n                                                String,\n                                            ),\n                                        ),\n                                        341..344,\n                                    ),\n                                ),\n                            ),\n                            334..344,\n                        ),\n                        (\n                            Tuple(\n                                [],\n                            ),\n                            0..1,\n                        ),\n                    ],\n                ),\n                217..347,\n            ),\n            generics: None,\n        },\n    ],\n    type_definitions: [\n        TypeDefinition {\n            name: \"std_____time_____Millis\",\n            type_expression: (\n                Duck(\n                    Duck {\n                        fields: [\n                            Field {\n                                name: \"millis\",\n                                type_expr: (\n                                    Int,\n                                    24..27,\n                                ),\n                            },\n                        ],\n                    },\n                ),\n                14..29,\n            ),\n            generics: None,\n        },\n        TypeDefinition {\n            name: \"std_____time_____Seconds\",\n            type_expression: (\n                Duck(\n                    Duck {\n                        fields: [\n                            Field {\n                                name: \"seconds\",\n                                type_expr: (\n                                    Int,\n                                    57..60,\n                                ),\n                            },\n                        ],\n                    },\n                ),\n                46..62,\n            ),\n            generics: None,\n        },\n        TypeDefinition {\n            name: \"std_____time_____Minutes\",\n            type_expression: (\n                Duck(\n                    Duck {\n                        fields: [\n                            Field {\n                                name: \"minutes\",\n                                type_expr: (\n                                    Int,\n                                    90..93,\n                                ),\n                            },\n                        ],\n                    },\n                ),\n                79..95,\n            ),\n            generics: None,\n        },\n        TypeDefinition {\n            name: \"std_____time_____Hours\",\n            type_expression: (\n                Duck(\n                    Duck {\n                        fields: [\n                            Field {\n                                name: \"hours\",\n                                type_expr: (\n                                    Int,\n                                    119..122,\n                                ),\n                            },\n                        ],\n                    },\n                ),\n                110..124,\n            ),\n            generics: None,\n        },\n        TypeDefinition {\n            name: \"std_____time_____Days\",\n            type_expression: (\n                Duck(\n                    Duck {\n                        fields: [\n                            Field {\n                                name: \"days\",\n                                type_expr: (\n                                    Int,\n                                    146..149,\n                                ),\n                            },\n                        ],\n                    },\n                ),\n                138..151,\n            ),\n            generics: None,\n        },\n        TypeDefinition {\n            name: \"std_____time_____Duration\",\n            type_expression: (\n                Or(\n                    [\n                        (\n                            TypeName(\n                                true,\n                                \"std_____time_____Millis\",\n                                None,\n                            ),\n                            170..176,\n                        ),\n                        (\n                            TypeName(\n                                true,\n                                \"std_____time_____Seconds\",\n                                None,\n                            ),\n                            179..186,\n                        ),\n                        (\n                            TypeName(\n                                true,\n                                \"std_____time_____Minutes\",\n                                None,\n                            ),\n                            189..196,\n                        ),\n                        (\n                            TypeName(\n                                true,\n                                \"std_____time_____Hours\",\n                                None,\n                            ),\n                            199..204,\n                        ),\n                        (\n                            TypeName(\n                                true,\n                                \"std_____time_____Days\",\n                                None,\n                            ),\n                            207..211,\n                        ),\n                    ],\n                ),\n                170..211,\n            ),\n            generics: None,\n        },\n    ],\n    struct_definitions: [],\n    use_statements: [\n        Go(\n            \"fmt\",\n            None,\n        ),\n        Go(\n            \"time\",\n            None,\n        ),\n        Go(\n            \"strings\",\n            None,\n        ),\n    ],\n    sub_modules: [],\n}\n[src/emit/types.rs:96:33] field.type_expr.0.as_go_type_annotation(type_env) = \"DuckInt\"\n[src/emit/types.rs:96:33] field.type_expr.0.as_go_type_annotation(type_env) = \"DuckInt\"\n[src/emit/types.rs:96:33] field.type_expr.0.as_go_type_annotation(type_env) = \"DuckInt\"\n[src/emit/types.rs:96:33] field.type_expr.0.as_go_type_annotation(type_env) = \"DuckInt\"\n[src/emit/types.rs:96:33] field.type_expr.0.as_go_type_annotation(type_env) = \"DuckInt\"\n\u001b[31mError:\u001b[0m Incompatible Types\n   \u001b[38;5;246m\u256d\u001b[0m\u001b[38;5;246m\u2500\u001b[0m\u001b[38;5;246m[\u001b[0m require_string_array_give_int.duck:2:23 \u001b[38;5;246m]\u001b[0m\n   \u001b[38;5;246m\u2502\u001b[0m\n \u001b[38;5;246m2 \u2502\u001b[0m \u001b[38;5;249m \u001b[0m\u001b[38;5;249m \u001b[0m\u001b[38;5;249m \u001b[0m\u001b[38;5;249m \u001b[0m\u001b[38;5;249ml\u001b[0m\u001b[38;5;249me\u001b[0m\u001b[38;5;249mt\u001b[0m\u001b[38;5;249m \u001b[0m\u001b[38;5;249mx\u001b[0m\u001b[38;5;249m:\u001b[0m\u001b[38;5;249m \u001b[0m\u001b[33mS\u001b[0m\u001b[33mt\u001b[0m\u001b[33mr\u001b[0m\u001b[33mi\u001b[0m\u001b[33mn\u001b[0m\u001b[33mg\u001b[0m\u001b[33m[\u001b[0m\u001b[33m]\u001b[0m\u001b[38;5;249m \u001b[0m\u001b[38;5;249m=\u001b[0m\u001b[38;5;249m \u001b[0m\u001b[33m1\u001b[0m\u001b[38;5;249m;\u001b[0m\n \u001b[38;5;240m  \u2502\u001b[0m            \u001b[33m\u2500\u001b[0m\u001b[33m\u2500\u001b[0m\u001b[33m\u2500\u001b[0m\u001b[33m\u2500\u001b[0m\u001b[33m\u252c\u001b[0m\u001b[33m\u2500\u001b[0m\u001b[33m\u2500\u001b[0m\u001b[33m\u2500\u001b[0m   \u001b[33m\u252c\u001b[0m  \n \u001b[38;5;240m  \u2502\u001b[0m                \u001b[33m\u2570\u001b[0m\u001b[33m\u2500\u001b[0m\u001b[33m\u2500\u001b[0m\u001b[33m\u2500\u001b[0m\u001b[33m\u2500\u001b[0m\u001b[33m\u2500\u001b[0m\u001b[33m\u2500\u001b[0m\u001b[33m\u2500\u001b[0m\u001b[33m\u2500\u001b[0m\u001b[33m\u2500\u001b[0m this requires an array of String\n \u001b[38;5;240m  \u2502\u001b[0m                       \u001b[33m\u2502\u001b[0m  \n \u001b[38;5;240m  \u2502\u001b[0m                       \u001b[33m\u2570\u001b[0m\u001b[33m\u2500\u001b[0m\u001b[33m\u2500\u001b[0m this is not an array\n\u001b[38;5;246m\u2500\u2500\u2500\u256f\u001b[0m\n\nthread 'main' panicked at src/parse/mod.rs:73:5:\nIncompatible Types\nnote: run with `RUST_BACKTRACE=1` environment variable to display a backtrace\n"
}