{
    "stdout": " type resolve  sort fields\n type resolve  insert type definitions\n type resolve  resolve aliases in function signatures and prepare function types\n type resolve  typeresolve functions\n\n\n\n\n-------------------------------\nin value expr Block([(Tuple([]), 25..27)])\n\n\n\n\n-------------------------------\nin value expr Tuple([])\nmyfn\n\n\n\n\n-------------------------------\nin value expr Block([(FunctionCall { target: (Variable(true, \"myfn\", None), 45..49), params: [(Duck([(\"abc\", (String(\"H\"), 57..60))]), 50..62)], type_params: None }, 45..63), (Tuple([]), 0..1)])\n\n\n\n\n-------------------------------\nin value expr FunctionCall { target: (Variable(true, \"myfn\", None), 45..49), params: [(Duck([(\"abc\", (String(\"H\"), 57..60))]), 50..62)], type_params: None }\n\n\n\n\n-------------------------------\nin value expr Duck([(\"abc\", (String(\"H\"), 57..60))])\n\n\n\n\n-------------------------------\nin value expr String(\"H\")\nreturn none for String(\"H\")\nreturn none for FunctionCall { target: (Variable(true, \"myfn\", None), 45..49), params: [(Duck([(\"abc\", (String(\"H\"), 57..60))]), 50..62)], type_params: None }\n\n\n\n\n-------------------------------\nin value expr Tuple([])\nmain\n\n\n\n\n-------------------------------\nin value expr Block([(InlineGo(\"\\n        fmt.Println(str.as_dgo_string());\\n    \"), 45..97)])\n\n\n\n\n-------------------------------\nin value expr InlineGo(\"\\n        fmt.Println(str.as_dgo_string());\\n    \")\nstd_____io_____println\n\n\n\n\n-------------------------------\nin value expr Block([(InlineGo(\"\\n        go x()\\n    \"), 30..55)])\n\n\n\n\n-------------------------------\nin value expr InlineGo(\"\\n        go x()\\n    \")\nstd_____task_____spawn\n\n\n\n\n-------------------------------\nin value expr Block([(Match { value_expr: (Variable(true, \"d\", None), 115..116), arms: [MatchArm { type_case: (TypeName(false, \"std_____time_____Millis\", None), 128..134), bound_to_identifier: \"millis\", value_expr: (InlineGo(\" time.Sleep(time.Duration(millis.Getmillis().as_dgo_int()) * time.Millisecond) \"), 145..229) }, MatchArm { type_case: (TypeName(false, \"std_____time_____Seconds\", None), 239..246), bound_to_identifier: \"seconds\", value_expr: (InlineGo(\" time.Sleep(time.Duration(seconds.Getseconds().as_dgo_int()) * time.Second) \"), 258..339) }, MatchArm { type_case: (TypeName(false, \"std_____time_____Minutes\", None), 349..356), bound_to_identifier: \"minutes\", value_expr: (InlineGo(\" time.Sleep(time.Duration(minutes.Getminutes().as_dgo_int()) * time.Minute) \"), 368..449) }, MatchArm { type_case: (TypeName(false, \"std_____time_____Hours\", None), 459..464), bound_to_identifier: \"hours\", value_expr: (InlineGo(\" time.Sleep(time.Duration(hours.Gethours().as_dgo_int()) * time.Hour) \"), 474..549) }, MatchArm { type_case: (TypeName(false, \"std_____time_____Days\", None), 559..563), bound_to_identifier: \"days\", value_expr: (InlineGo(\" time.Sleep(time.Duration(days.Getdays().as_dgo_int()) * 24 * time.Hour) \"), 572..650) }] }, 108..657)])\n\n\n\n\n-------------------------------\nin value expr Match { value_expr: (Variable(true, \"d\", None), 115..116), arms: [MatchArm { type_case: (TypeName(false, \"std_____time_____Millis\", None), 128..134), bound_to_identifier: \"millis\", value_expr: (InlineGo(\" time.Sleep(time.Duration(millis.Getmillis().as_dgo_int()) * time.Millisecond) \"), 145..229) }, MatchArm { type_case: (TypeName(false, \"std_____time_____Seconds\", None), 239..246), bound_to_identifier: \"seconds\", value_expr: (InlineGo(\" time.Sleep(time.Duration(seconds.Getseconds().as_dgo_int()) * time.Second) \"), 258..339) }, MatchArm { type_case: (TypeName(false, \"std_____time_____Minutes\", None), 349..356), bound_to_identifier: \"minutes\", value_expr: (InlineGo(\" time.Sleep(time.Duration(minutes.Getminutes().as_dgo_int()) * time.Minute) \"), 368..449) }, MatchArm { type_case: (TypeName(false, \"std_____time_____Hours\", None), 459..464), bound_to_identifier: \"hours\", value_expr: (InlineGo(\" time.Sleep(time.Duration(hours.Gethours().as_dgo_int()) * time.Hour) \"), 474..549) }, MatchArm { type_case: (TypeName(false, \"std_____time_____Days\", None), 559..563), bound_to_identifier: \"days\", value_expr: (InlineGo(\" time.Sleep(time.Duration(days.Getdays().as_dgo_int()) * 24 * time.Hour) \"), 572..650) }] }\n\n\n\n\n-------------------------------\nin value expr Variable(true, \"d\", None)\nreturn none for Variable(true, \"d\", None)\n\n\n\n\n-------------------------------\nin value expr InlineGo(\" time.Sleep(time.Duration(millis.Getmillis().as_dgo_int()) * time.Millisecond) \")\n\n\n\n\n-------------------------------\nin value expr InlineGo(\" time.Sleep(time.Duration(seconds.Getseconds().as_dgo_int()) * time.Second) \")\n\n\n\n\n-------------------------------\nin value expr InlineGo(\" time.Sleep(time.Duration(minutes.Getminutes().as_dgo_int()) * time.Minute) \")\n\n\n\n\n-------------------------------\nin value expr InlineGo(\" time.Sleep(time.Duration(hours.Gethours().as_dgo_int()) * time.Hour) \")\n\n\n\n\n-------------------------------\nin value expr InlineGo(\" time.Sleep(time.Duration(days.Getdays().as_dgo_int()) * 24 * time.Hour) \")\nstd_____task_____sleep\n\n\n\n\n-------------------------------\nin value expr Block([(VarDecl((Declaration { name: \"res\", type_expr: (String, 67..73), initializer: None }, 62..65)), 58..73), (InlineGo(\"\\n        res = ConcDuckString { value: strings.ToUpper(s.as_dgo_string()) }\\n    \"), 79..164), (Return(Some((Variable(true, \"res\", None), 176..179))), 169..179), (Tuple([]), 0..1)])\n\n\n\n\n-------------------------------\nin value expr VarDecl((Declaration { name: \"res\", type_expr: (String, 67..73), initializer: None }, 62..65))\n\n\n\n\n-------------------------------\nin value expr InlineGo(\"\\n        res = ConcDuckString { value: strings.ToUpper(s.as_dgo_string()) }\\n    \")\n\n\n\n\n-------------------------------\nin value expr Return(Some((Variable(true, \"res\", None), 176..179)))\n\n\n\n\n-------------------------------\nin value expr Variable(true, \"res\", None)\nreturn none for Variable(true, \"res\", None)\n\n\n\n\n-------------------------------\nin value expr Tuple([])\nstd_____string_____to_upper\n\n\n\n\n-------------------------------\nin value expr Block([(VarDecl((Declaration { name: \"res\", type_expr: (String, 232..238), initializer: None }, 227..230)), 223..238), (InlineGo(\"\\n        res = ConcDuckString { value: strings.ToLower(s.as_dgo_string()) }\\n    \"), 244..329), (Return(Some((Variable(true, \"res\", None), 341..344))), 334..344), (Tuple([]), 0..1)])\n\n\n\n\n-------------------------------\nin value expr VarDecl((Declaration { name: \"res\", type_expr: (String, 232..238), initializer: None }, 227..230))\n\n\n\n\n-------------------------------\nin value expr InlineGo(\"\\n        res = ConcDuckString { value: strings.ToLower(s.as_dgo_string()) }\\n    \")\n\n\n\n\n-------------------------------\nin value expr Return(Some((Variable(true, \"res\", None), 341..344)))\n\n\n\n\n-------------------------------\nin value expr Variable(true, \"res\", None)\nreturn none for Variable(true, \"res\", None)\n\n\n\n\n-------------------------------\nin value expr Tuple([])\nstd_____string_____to_lower\n\n\n\n\n-------------------------------\nin value expr Block([(VarDecl((Declaration { name: \"result\", type_expr: (String, 144..150), initializer: Some((String(\"\"), 153..155)) }, 153..155)), 132..155), (InlineGo(\"\\n        res, _ := http.Get(request.Geturl().as_dgo_string())\\n        defer res.Body.Close()\\n\\n        body, _ := io.ReadAll(res.Body)\\n\\n        result = ConcDuckString { value: string(body) }\\n    \"), 162..362), (Return(Some((Variable(true, \"result\", None), 375..381))), 368..381), (Tuple([]), 0..1)])\n\n\n\n\n-------------------------------\nin value expr VarDecl((Declaration { name: \"result\", type_expr: (String, 144..150), initializer: Some((String(\"\"), 153..155)) }, 153..155))\n\n\n\n\n-------------------------------\nin value expr String(\"\")\nreturn none for String(\"\")\n\n\n\n\n-------------------------------\nin value expr InlineGo(\"\\n        res, _ := http.Get(request.Geturl().as_dgo_string())\\n        defer res.Body.Close()\\n\\n        body, _ := io.ReadAll(res.Body)\\n\\n        result = ConcDuckString { value: string(body) }\\n    \")\n\n\n\n\n-------------------------------\nin value expr Return(Some((Variable(true, \"result\", None), 375..381)))\n\n\n\n\n-------------------------------\nin value expr Variable(true, \"result\", None)\nreturn none for Variable(true, \"result\", None)\n\n\n\n\n-------------------------------\nin value expr Tuple([])\nstd_____http_____get\n type resolve  final resolve of all functions\ncheck compatability for required type '{ \"abc\": Int }' and given type '{ \"abc\": String [const \"H\"] }'\ncheck compatability for required type 'Int' and given type 'String [const \"H\"]'\n",
    "stderr": "\u001b[31mError:\u001b[0m Incompatible Types\n   \u001b[38;5;246m\u256d\u001b[0m\u001b[38;5;246m\u2500\u001b[0m\u001b[38;5;246m[\u001b[0m require_duck_give_duck_with_incompatible_field_type.duck:1:19 \u001b[38;5;246m]\u001b[0m\n   \u001b[38;5;246m\u2502\u001b[0m\n \u001b[38;5;246m1 \u2502\u001b[0m \u001b[31m\u256d\u001b[0m\u001b[31m\u2500\u001b[0m\u001b[31m\u25b6\u001b[0m\u001b[31m \u001b[0m\u001b[38;5;249mf\u001b[0m\u001b[38;5;249mn\u001b[0m\u001b[38;5;249m \u001b[0m\u001b[38;5;249mm\u001b[0m\u001b[38;5;249my\u001b[0m\u001b[38;5;249mf\u001b[0m\u001b[38;5;249mn\u001b[0m\u001b[38;5;249m(\u001b[0m\u001b[38;5;249mx\u001b[0m\u001b[38;5;249m:\u001b[0m\u001b[38;5;249m \u001b[0m\u001b[38;5;249m{\u001b[0m\u001b[38;5;249m \u001b[0m\u001b[38;5;249ma\u001b[0m\u001b[38;5;249mb\u001b[0m\u001b[38;5;249mc\u001b[0m\u001b[38;5;249m:\u001b[0m\u001b[38;5;249m \u001b[0m\u001b[33mI\u001b[0m\u001b[33mn\u001b[0m\u001b[33mt\u001b[0m\u001b[31m \u001b[0m\u001b[31m}\u001b[0m\u001b[31m)\u001b[0m\u001b[31m \u001b[0m\u001b[31m{\u001b[0m\u001b[31m}\u001b[0m\n \u001b[38;5;240m  \u2502\u001b[0m \u001b[31m\u2502\u001b[0m                     \u001b[33m\u2500\u001b[0m\u001b[33m\u252c\u001b[0m\u001b[33m\u2500\u001b[0m  \n \u001b[38;5;240m  \u2502\u001b[0m \u001b[31m\u2502\u001b[0m                      \u001b[33m\u2570\u001b[0m\u001b[33m\u2500\u001b[0m\u001b[33m\u2500\u001b[0m\u001b[33m\u2500\u001b[0m a Number value is required here, so Float | Int\n \u001b[38;5;240m  \u2506\u001b[0m \u001b[31m\u2506\u001b[0m   \n \u001b[38;5;246m4 \u2502\u001b[0m \u001b[31m\u251c\u001b[0m\u001b[31m\u2500\u001b[0m\u001b[31m\u25b6\u001b[0m\u001b[31m \u001b[0m\u001b[31m \u001b[0m\u001b[31m \u001b[0m\u001b[31m \u001b[0m\u001b[31m \u001b[0m\u001b[31mm\u001b[0m\u001b[31my\u001b[0m\u001b[31mf\u001b[0m\u001b[31mn\u001b[0m\u001b[31m(\u001b[0m\u001b[31m{\u001b[0m\u001b[31m \u001b[0m\u001b[31ma\u001b[0m\u001b[31mb\u001b[0m\u001b[31mc\u001b[0m\u001b[31m:\u001b[0m\u001b[31m \u001b[0m\u001b[33m\"\u001b[0m\u001b[33mH\u001b[0m\u001b[33m\"\u001b[0m\u001b[38;5;249m \u001b[0m\u001b[38;5;249m}\u001b[0m\u001b[38;5;249m)\u001b[0m\u001b[38;5;249m;\u001b[0m\n \u001b[38;5;240m  \u2502\u001b[0m \u001b[31m\u2502\u001b[0m                   \u001b[33m\u2500\u001b[0m\u001b[33m\u252c\u001b[0m\u001b[33m\u2500\u001b[0m       \n \u001b[38;5;240m  \u2502\u001b[0m \u001b[31m\u2502\u001b[0m                    \u001b[33m\u2570\u001b[0m\u001b[33m\u2500\u001b[0m\u001b[33m\u2500\u001b[0m\u001b[33m\u2500\u001b[0m\u001b[33m\u2500\u001b[0m\u001b[33m\u2500\u001b[0m\u001b[33m\u2500\u001b[0m\u001b[33m\u2500\u001b[0m\u001b[33m\u2500\u001b[0m \n \u001b[38;5;240m  \u2502\u001b[0m \u001b[31m\u2502\u001b[0m                    \u001b[33m\u2502\u001b[0m        \n \u001b[38;5;240m  \u2502\u001b[0m \u001b[31m\u2502\u001b[0m                    \u001b[33m\u2570\u001b[0m\u001b[33m\u2500\u001b[0m\u001b[33m\u2500\u001b[0m\u001b[33m\u2500\u001b[0m\u001b[33m\u2500\u001b[0m\u001b[33m\u2500\u001b[0m\u001b[33m\u2500\u001b[0m\u001b[33m\u2500\u001b[0m\u001b[33m\u2500\u001b[0m but got a value of type String [const \"H\"].\n \u001b[38;5;240m  \u2502\u001b[0m \u001b[31m\u2502\u001b[0m                             \n \u001b[38;5;240m  \u2502\u001b[0m \u001b[31m\u2570\u001b[0m\u001b[31m\u2500\u001b[0m\u001b[31m\u2500\u001b[0m\u001b[31m\u2500\u001b[0m\u001b[31m\u2500\u001b[0m\u001b[31m\u2500\u001b[0m\u001b[31m\u2500\u001b[0m\u001b[31m\u2500\u001b[0m\u001b[31m\u2500\u001b[0m\u001b[31m\u2500\u001b[0m\u001b[31m\u2500\u001b[0m\u001b[31m\u2500\u001b[0m\u001b[31m\u2500\u001b[0m\u001b[31m\u2500\u001b[0m\u001b[31m\u2500\u001b[0m\u001b[31m\u2500\u001b[0m\u001b[31m\u2500\u001b[0m\u001b[31m\u2500\u001b[0m\u001b[31m\u2500\u001b[0m\u001b[31m\u2500\u001b[0m\u001b[31m\u2500\u001b[0m\u001b[31m\u2500\u001b[0m\u001b[31m\u2500\u001b[0m\u001b[31m\u2500\u001b[0m\u001b[31m\u2500\u001b[0m\u001b[31m\u2500\u001b[0m\u001b[31m\u2500\u001b[0m\u001b[31m\u2500\u001b[0m\u001b[31m\u2500\u001b[0m\u001b[31m\u2500\u001b[0m Expected value of type Int.\n\u001b[38;5;246m\u2500\u2500\u2500\u256f\u001b[0m\n\nthread 'main' panicked at src/parse/mod.rs:59:5:\nIncompatible Types\nnote: run with `RUST_BACKTRACE=1` environment variable to display a backtrace\n"
}