{
    "stdout": "Hallo, Welt!!@3\n",
    "stderr": ""
}