{
    "stdout": "&{{10}}\n{{10}}\n{200}\n&{{{10}}}\n{150}\n&{{{10}}}\n",
    "stderr": ""
}