{
    "stdout": "i am long\nabc\nzz abc\nlocal: hallo\nparam: i am an argument\nparam2: i am an argument\nin mod func: String\n",
    "stderr": ""
}