{
    "stdout": "A STRING\nnested\n",
    "stderr": ""
}