{
    "stdout": "Ich bin ein String\n100\n200\n",
    "stderr": ""
}