{
    "stdout": "{{{tuple}}}\n{{{replaced}}}\n{{{replaced}}}\n",
    "stderr": ""
}