{
    "stdout": "yo moin hallo\n",
    "stderr": ""
}